// Jest Snapshot v1, https://goo.gl/fbAQLP

exports[`<AppBar /> should render 1`] = `
<div>
  <header
    class="StyledBox-sc-13pk1d4-0 jpOwKE"
    style="z-index: 1;"
  >
    test
  </header>
</div>
`;
